<?xml version='1.0' encoding='UTF-8'?>
<dataset xmlns:xsi="http://www.w3.org/2001/XMLSchema-instance" xsi:noNamespaceSchemaLocation="dataset.xsd">
  
  <Parameter id="1" name="start_hour" integerValue="9"/>
  <Parameter id="2" name="end_hour" integerValue="20"/>
  
  <USER id="1" username="admin" password="admin" email="admin@admin.com"/>
  
  <Site id="1" name="Le Bois" address="1 allÃ©e du bois" roomCount="2"/>
  
  <Room id="10" name="Oeillet" capacity="20" site_id="1"/>
  
  <Booking startHour="11" startMinute="30" endHour="12" endMinute="00"  room_id="10" user_id="1" date="2019-01-01"/>  
  <Gap startHour="9" startMinute="00" endHour="9" endMinute="30" startTime="09:00:00" endTime="9:30:00" room_id="10" date="2019-01-01"/>  
  <Gap startHour="12" startMinute="00" endHour="20" endMinute="00" startTime="12:00:00" endTime="20:00:00" room_id="10" date="2019-01-01"/>  
  
  <!-- new data -->
  
  <Gap startHour="10" startMinute="30" endHour="11" endMinute="30" startTime="10:30:00" endTime="11:30:00" room_id="10" date="2019-01-01"/>
  <Booking startHour="9" startMinute="30" endHour="10" endMinute="30"  room_id="10" user_id="1" date="2019-01-01"/>
  
</dataset>