<?xml version='1.0' encoding='UTF-8'?>
<dataset xmlns:xsi="http://www.w3.org/2001/XMLSchema-instance" xsi:noNamespaceSchemaLocation="dataset.xsd">
  
  <Parameter id="1" name="start_hour" integerValue="9"/>
  <Parameter id="2" name="end_hour" integerValue="20"/>
  
  <USER id="1" username="admin" password="admin" email="admin@admin.com"/>
  
  <Site id="1" name="Le Bois" address="1 allÃ©e du bois" roomCount="2"/>
  
  <Room id="10" name="Oeillet" capacity="20" site_id="1"/>
  
  <Booking startHour="9" startMinute="0" endHour="12" endMinute="0"  room_id="10" user_id="1" date="2019-01-01"/>  
  <Gap startHour="12" startMinute="0" endHour="20" endMinute="0" startTime="12:00:00" endTime="20:00:00" room_id="10" date="2019-01-01"/>  
  
</dataset>